Script started on Thu Jul 23 14:54:21 2015
hornung1@ipa4> ./runme 
Thu Jul 23 14:54:23 PDT 2015
time = 3.333333e-07, dt=3.333333e-07
time = 6.666667e-07, dt=3.333333e-07
time = 1.000000e-06, dt=3.333333e-07
time = 1.333333e-06, dt=3.333333e-07
time = 1.666667e-06, dt=3.333333e-07
time = 2.000000e-06, dt=3.333333e-07
time = 2.333333e-06, dt=3.333333e-07
time = 2.666667e-06, dt=3.333333e-07
time = 3.000000e-06, dt=3.333333e-07
time = 3.333333e-06, dt=3.333333e-07
time = 3.666667e-06, dt=3.333333e-07
time = 4.000000e-06, dt=3.333333e-07
time = 4.333333e-06, dt=3.333333e-07
time = 4.666667e-06, dt=3.333333e-07
time = 5.000000e-06, dt=3.333333e-07
time = 5.333333e-06, dt=3.333333e-07
time = 5.666667e-06, dt=3.333333e-07
time = 6.000000e-06, dt=3.333333e-07
time = 6.333333e-06, dt=3.333333e-07
time = 6.666667e-06, dt=3.333333e-07
time = 7.000000e-06, dt=3.333333e-07
time = 7.333333e-06, dt=3.333333e-07
time = 7.666667e-06, dt=3.333333e-07
time = 8.000000e-06, dt=3.333333e-07
time = 8.333333e-06, dt=3.333333e-07
time = 8.666667e-06, dt=3.333333e-07
time = 9.000000e-06, dt=3.333333e-07
time = 9.333333e-06, dt=3.333333e-07
time = 9.666667e-06, dt=3.333333e-07
time = 1.000000e-05, dt=3.333333e-07
time = 1.033333e-05, dt=3.333333e-07
time = 1.066667e-05, dt=3.333333e-07
time = 1.100000e-05, dt=3.333333e-07
time = 1.133333e-05, dt=3.333333e-07
time = 1.166667e-05, dt=3.333333e-07
time = 1.200000e-05, dt=3.333333e-07
time = 1.233333e-05, dt=3.333333e-07
time = 1.266667e-05, dt=3.333333e-07
time = 1.300000e-05, dt=3.333333e-07
time = 1.333333e-05, dt=3.333333e-07
time = 1.366667e-05, dt=3.333333e-07
time = 1.400000e-05, dt=3.333333e-07
time = 1.433333e-05, dt=3.333333e-07
time = 1.466667e-05, dt=3.333333e-07
time = 1.500000e-05, dt=3.333333e-07
time = 1.533333e-05, dt=3.333333e-07
time = 1.566667e-05, dt=3.333333e-07
time = 1.600000e-05, dt=3.333333e-07
time = 1.633333e-05, dt=3.333333e-07
time = 1.666667e-05, dt=3.333333e-07
time = 1.700000e-05, dt=3.333333e-07
time = 1.733333e-05, dt=3.333333e-07
time = 1.766667e-05, dt=3.333333e-07
time = 1.800000e-05, dt=3.333333e-07
time = 1.833333e-05, dt=3.333333e-07
time = 1.866667e-05, dt=3.333333e-07
time = 1.900000e-05, dt=3.333333e-07
time = 1.933333e-05, dt=3.333333e-07
time = 1.966667e-05, dt=3.333333e-07
time = 2.000000e-05, dt=3.333333e-07

real	0m13.643s
user	0m9.421s
sys	0m4.171s
Thu Jul 23 14:54:37 PDT 2015
hornung1@ipa4> exit
exit

Script done on Thu Jul 23 14:54:39 2015
